
R version 4.4.0 (2024-04-24) -- "Puppy Cup"
Copyright (C) 2024 The R Foundation for Statistical Computing
Platform: x86_64-pc-linux-gnu

R は、自由なソフトウェアであり、「完全に無保証」です。 
一定の条件に従えば、自由にこれを再配布することができます。 
配布条件の詳細に関しては、'license()' あるいは 'licence()' と入力してください。 

R は多くの貢献者による共同プロジェクトです。 
詳しくは 'contributors()' と入力してください。 
また、R や R のパッケージを出版物で引用する際の形式については 
'citation()' と入力してください。 

'demo()' と入力すればデモをみることができます。 
'help()' とすればオンラインヘルプが出ます。 
'help.start()' で HTML ブラウザによるヘルプがみられます。 
'q()' と入力すれば R を終了します。 

> library(Seurat)
要求されたパッケージ SeuratObject をロード中です
要求されたパッケージ sp をロード中です

次のパッケージを付け加えます: ‘SeuratObject’

以下のオブジェクトは ‘package:base’ からマスクされています:

    intersect, t

> library(tidyverse)
── Attaching core tidyverse packages ──────────────────────── tidyverse 2.0.0 ──
✔ dplyr     1.1.4     ✔ readr     2.1.5
✔ forcats   1.0.0     ✔ stringr   1.5.1
✔ ggplot2   3.5.1     ✔ tibble    3.2.1
✔ lubridate 1.9.3     ✔ tidyr     1.3.1
✔ purrr     1.0.2     
── Conflicts ────────────────────────────────────────── tidyverse_conflicts() ──
✖ dplyr::filter() masks stats::filter()
✖ dplyr::lag()    masks stats::lag()
ℹ Use the conflicted package (<http://conflicted.r-lib.org/>) to force all conflicts to become errors
> library(presto)
要求されたパッケージ Rcpp をロード中です
要求されたパッケージ data.table をロード中です

次のパッケージを付け加えます: ‘data.table’

以下のオブジェクトは ‘package:lubridate’ からマスクされています:

    hour, isoweek, mday, minute, month, quarter, second, wday, week,
    yday, year

以下のオブジェクトは ‘package:dplyr’ からマスクされています:

    between, first, last

以下のオブジェクトは ‘package:purrr’ からマスクされています:

    transpose

> library(ggrepel)
> library(MAST)
要求されたパッケージ SingleCellExperiment をロード中です
要求されたパッケージ SummarizedExperiment をロード中です
要求されたパッケージ MatrixGenerics をロード中です
要求されたパッケージ matrixStats をロード中です

次のパッケージを付け加えます: ‘matrixStats’

以下のオブジェクトは ‘package:dplyr’ からマスクされています:

    count


次のパッケージを付け加えます: ‘MatrixGenerics’

以下のオブジェクトは ‘package:matrixStats’ からマスクされています:

    colAlls, colAnyNAs, colAnys, colAvgsPerRowSet, colCollapse,
    colCounts, colCummaxs, colCummins, colCumprods, colCumsums,
    colDiffs, colIQRDiffs, colIQRs, colLogSumExps, colMadDiffs,
    colMads, colMaxs, colMeans2, colMedians, colMins, colOrderStats,
    colProds, colQuantiles, colRanges, colRanks, colSdDiffs, colSds,
    colSums2, colTabulates, colVarDiffs, colVars, colWeightedMads,
    colWeightedMeans, colWeightedMedians, colWeightedSds,
    colWeightedVars, rowAlls, rowAnyNAs, rowAnys, rowAvgsPerColSet,
    rowCollapse, rowCounts, rowCummaxs, rowCummins, rowCumprods,
    rowCumsums, rowDiffs, rowIQRDiffs, rowIQRs, rowLogSumExps,
    rowMadDiffs, rowMads, rowMaxs, rowMeans2, rowMedians, rowMins,
    rowOrderStats, rowProds, rowQuantiles, rowRanges, rowRanks,
    rowSdDiffs, rowSds, rowSums2, rowTabulates, rowVarDiffs, rowVars,
    rowWeightedMads, rowWeightedMeans, rowWeightedMedians,
    rowWeightedSds, rowWeightedVars

要求されたパッケージ GenomicRanges をロード中です
要求されたパッケージ stats4 をロード中です
要求されたパッケージ BiocGenerics をロード中です

次のパッケージを付け加えます: ‘BiocGenerics’

以下のオブジェクトは ‘package:lubridate’ からマスクされています:

    intersect, setdiff, union

以下のオブジェクトは ‘package:dplyr’ からマスクされています:

    combine, intersect, setdiff, union

以下のオブジェクトは ‘package:SeuratObject’ からマスクされています:

    intersect

以下のオブジェクトは ‘package:stats’ からマスクされています:

    IQR, mad, sd, var, xtabs

以下のオブジェクトは ‘package:base’ からマスクされています:

    anyDuplicated, aperm, append, as.data.frame, basename, cbind,
    colnames, dirname, do.call, duplicated, eval, evalq, Filter, Find,
    get, grep, grepl, intersect, is.unsorted, lapply, Map, mapply,
    match, mget, order, paste, pmax, pmax.int, pmin, pmin.int,
    Position, rank, rbind, Reduce, rownames, sapply, setdiff, table,
    tapply, union, unique, unsplit, which.max, which.min

要求されたパッケージ S4Vectors をロード中です

次のパッケージを付け加えます: ‘S4Vectors’

以下のオブジェクトは ‘package:data.table’ からマスクされています:

    first, second

以下のオブジェクトは ‘package:lubridate’ からマスクされています:

    second, second<-

以下のオブジェクトは ‘package:dplyr’ からマスクされています:

    first, rename

以下のオブジェクトは ‘package:tidyr’ からマスクされています:

    expand

以下のオブジェクトは ‘package:utils’ からマスクされています:

    findMatches

以下のオブジェクトは ‘package:base’ からマスクされています:

    expand.grid, I, unname

要求されたパッケージ IRanges をロード中です

次のパッケージを付け加えます: ‘IRanges’

以下のオブジェクトは ‘package:data.table’ からマスクされています:

    shift

以下のオブジェクトは ‘package:lubridate’ からマスクされています:

    %within%

以下のオブジェクトは ‘package:dplyr’ からマスクされています:

    collapse, desc, slice

以下のオブジェクトは ‘package:purrr’ からマスクされています:

    reduce

以下のオブジェクトは ‘package:sp’ からマスクされています:

    %over%

要求されたパッケージ GenomeInfoDb をロード中です
要求されたパッケージ Biobase をロード中です
Welcome to Bioconductor

    Vignettes contain introductory material; view with
    'browseVignettes()'. To cite Bioconductor, see
    'citation("Biobase")', and for packages 'citation("pkgname")'.


次のパッケージを付け加えます: ‘Biobase’

以下のオブジェクトは ‘package:MatrixGenerics’ からマスクされています:

    rowMedians

以下のオブジェクトは ‘package:matrixStats’ からマスクされています:

    anyMissing, rowMedians


次のパッケージを付け加えます: ‘SummarizedExperiment’

以下のオブジェクトは ‘package:Seurat’ からマスクされています:

    Assays

以下のオブジェクトは ‘package:SeuratObject’ からマスクされています:

    Assays

> 
> 
> # data/processed/subclusters/内のsubclusteringしたオブジェクトを読み込み
> subclust_list <- lapply(list.files("data/processed/subclusters/", pattern = "*.rds", full.names = TRUE), readRDS)
> names(subclust_list) <- gsub("data/processed/subclusters/(.*)_subclust.rds", "\\1", list.files("data/processed/subclusters/", pattern = "*.rds"))
> names(subclust_list) <- gsub("_subclust.rds", "", names(subclust_list))
> 
> # 特に見たいgenes
> tar_genes <- c("ARID5A", "ARID5B", "KRT13", "TGM2", "AXL", "MKI67")
> 
> 
> # 各subclust_listのオブジェクトにtar_genesが含まれているか確認
> lapply(names(subclust_list), function(cell_type) {
+   subset_obj <- subclust_list[[cell_type]]
+   missing_genes <- setdiff(tar_genes, rownames(subset_obj))
+   
+   if (length(missing_genes) > 0) {
+     print(paste(cell_type, "には以下の遺伝子が含まれていません:", paste(missing_genes, collapse = ", ")))
+   } else {
+     print(paste(cell_type, "にはすべてのtar_genesが含まれています。"))
+   }
+ })
[1] "B_cells には以下の遺伝子が含まれていません: KRT13"
[1] "Endothelial_cells には以下の遺伝子が含まれていません: KRT13"
[1] "Epithelial_cells にはすべてのtar_genesが含まれています。"
[1] "Macrophages には以下の遺伝子が含まれていません: KRT13"
[1] "Mast_cells には以下の遺伝子が含まれていません: KRT13, TGM2"
[1] "Plasma_cells には以下の遺伝子が含まれていません: KRT13"
[1] "Smooth_muscle_cells には以下の遺伝子が含まれていません: KRT13"
[1] "T_cells にはすべてのtar_genesが含まれています。"
[1] "Treg_cells には以下の遺伝子が含まれていません: KRT13, TGM2, AXL, MKI67"
[[1]]
[1] "B_cells には以下の遺伝子が含まれていません: KRT13"

[[2]]
[1] "Endothelial_cells には以下の遺伝子が含まれていません: KRT13"

[[3]]
[1] "Epithelial_cells にはすべてのtar_genesが含まれています。"

[[4]]
[1] "Macrophages には以下の遺伝子が含まれていません: KRT13"

[[5]]
[1] "Mast_cells には以下の遺伝子が含まれていません: KRT13, TGM2"

[[6]]
[1] "Plasma_cells には以下の遺伝子が含まれていません: KRT13"

[[7]]
[1] "Smooth_muscle_cells には以下の遺伝子が含まれていません: KRT13"

[[8]]
[1] "T_cells にはすべてのtar_genesが含まれています。"

[[9]]
[1] "Treg_cells には以下の遺伝子が含まれていません: KRT13, TGM2, AXL, MKI67"

> 
> 
> ### DEG analysis (Tumor vs Paratumor, 各celltypeに対して)
> # DEG解析の関数を定義
> perform_deg_analysis <- function(seurat_obj, cell_type, test = "wilcox") {
+   print(paste("Analyzing", cell_type))
+   
+   # 指定されたcell_typeをlistから選択
+   subset_obj <- subclust_list[[cell_type]]
+   
+   print(paste("Number of cells in", cell_type, ":", ncol(subset_obj)))
+   print(table(subset_obj$group))
+   
+   # Normal vs Tumorの比較を行う前にPrepSCTFindMarkersを実行
+   # SCTアッセイの準備
+   subset_obj <- PrepSCTFindMarkers(subset_obj) 
+ 
+   # Normal vs Tumorの比較を行う
+   deg_results <- FindMarkers(subset_obj, 
+                              ident.1 = "Tumor", 
+                              ident.2 = "Non_Tumor", 
+                              group.by = "group", 
+                              test.use = test,
+                              min.pct = 0,
+                              logfc.threshold = 0.25,
+                              latent.vars = "nCount_SCT"
+                              )
+   
+   # 結果を保存
+   tryCatch({
+     write.csv(deg_results, file = paste0("output/csv/DEG/subclusters/", cell_type, "_Tumor_vs_Non-Tumor_", test, ".csv"))
+   }, error = function(e) {
+     print(paste("Error saving file for", cell_type, ":", e$message))
+   })
+   
+   return(deg_results)
+ }
> 
> # subclust_list内のすべてのcelltypeに対してDEG解析を実行
> select_test <- "MAST"
> all_deg_results <- lapply(names(subclust_list), function(cell_type) perform_deg_analysis(subclust_list[[cell_type]], cell_type, test = select_test))
[1] "Analyzing B_cells"
[1] "Number of cells in B_cells : 65808"

Non_Tumor     Tumor 
    28023     37785 
Found 74 SCT models. Recorrecting SCT counts using minimum median counts: 428

Done!
Combining coefficients and standard errors
Calculating log-fold changes
Calculating likelihood ratio tests
Refitting on reduced model...

Done!
[1] "Analyzing Endothelial_cells"
[1] "Number of cells in Endothelial_cells : 7423"

Non_Tumor     Tumor 
     3504      3919 
Found 67 SCT models. Recorrecting SCT counts using minimum median counts: 316

Done!
Combining coefficients and standard errors
Calculating log-fold changes
Calculating likelihood ratio tests
Refitting on reduced model...

Done!
[1] "Analyzing Epithelial_cells"
[1] "Number of cells in Epithelial_cells : 62145"

Non_Tumor     Tumor 
    39693     22452 
Found 75 SCT models. Recorrecting SCT counts using minimum median counts: 767

Done!
Combining coefficients and standard errors
Calculating log-fold changes
Calculating likelihood ratio tests
Refitting on reduced model...

Done!
[1] "Analyzing Macrophages"
[1] "Number of cells in Macrophages : 15321"

Non_Tumor     Tumor 
     3656     11665 
Found 75 SCT models. Recorrecting SCT counts using minimum median counts: 486
